Archive member included to satisfy reference by file (symbol)

C:/ST/STM32CubeIDE_1.18.0/STM32CubeIDE/plugins/com.st.stm32cube.ide.mcu.externaltools.gnu-tools-for-stm32.13.3.rel1.win32_1.0.0.202411081344/tools/bin/../lib/gcc/arm-none-eabi/13.3.1/../../../../arm-none-eabi/lib/thumb/v7e-m/nofp\libc_nano.a(libc_a-errno.o)
                              ./Src/syscalls.o (__errno)
C:/ST/STM32CubeIDE_1.18.0/STM32CubeIDE/plugins/com.st.stm32cube.ide.mcu.externaltools.gnu-tools-for-stm32.13.3.rel1.win32_1.0.0.202411081344/tools/bin/../lib/gcc/arm-none-eabi/13.3.1/../../../../arm-none-eabi/lib/thumb/v7e-m/nofp\libc_nano.a(libc_a-impure.o)
                              C:/ST/STM32CubeIDE_1.18.0/STM32CubeIDE/plugins/com.st.stm32cube.ide.mcu.externaltools.gnu-tools-for-stm32.13.3.rel1.win32_1.0.0.202411081344/tools/bin/../lib/gcc/arm-none-eabi/13.3.1/../../../../arm-none-eabi/lib/thumb/v7e-m/nofp\libc_nano.a(libc_a-errno.o) (_impure_ptr)

Discarded input sections

 .group         0x00000000        0xc ./Src/SPI_TxRx_Interrupt.o
 .group         0x00000000        0xc ./Src/SPI_TxRx_Interrupt.o
 .group         0x00000000        0xc ./Src/SPI_TxRx_Interrupt.o
 .group         0x00000000        0xc ./Src/SPI_TxRx_Interrupt.o
 .group         0x00000000        0xc ./Src/SPI_TxRx_Interrupt.o
 .group         0x00000000        0xc ./Src/SPI_TxRx_Interrupt.o
 .group         0x00000000        0xc ./Src/SPI_TxRx_Interrupt.o
 .group         0x00000000        0xc ./Src/SPI_TxRx_Interrupt.o
 .group         0x00000000        0xc ./Src/SPI_TxRx_Interrupt.o
 .group         0x00000000        0xc ./Src/SPI_TxRx_Interrupt.o
 .group         0x00000000        0xc ./Src/SPI_TxRx_Interrupt.o
 .group         0x00000000        0xc ./Src/SPI_TxRx_Interrupt.o
 .group         0x00000000        0xc ./Src/SPI_TxRx_Interrupt.o
 .group         0x00000000        0xc ./Src/SPI_TxRx_Interrupt.o
 .group         0x00000000        0xc ./Src/SPI_TxRx_Interrupt.o
 .group         0x00000000        0xc ./Src/SPI_TxRx_Interrupt.o
 .group         0x00000000        0xc ./Src/SPI_TxRx_Interrupt.o
 .group         0x00000000        0xc ./Src/SPI_TxRx_Interrupt.o
 .group         0x00000000        0xc ./Src/SPI_TxRx_Interrupt.o
 .group         0x00000000        0xc ./Src/SPI_TxRx_Interrupt.o
 .group         0x00000000        0xc ./Src/SPI_TxRx_Interrupt.o
 .group         0x00000000        0xc ./Src/SPI_TxRx_Interrupt.o
 .group         0x00000000        0xc ./Src/SPI_TxRx_Interrupt.o
 .group         0x00000000        0xc ./Src/SPI_TxRx_Interrupt.o
 .group         0x00000000        0xc ./Src/SPI_TxRx_Interrupt.o
 .group         0x00000000        0xc ./Src/SPI_TxRx_Interrupt.o
 .group         0x00000000        0xc ./Src/SPI_TxRx_Interrupt.o
 .group         0x00000000        0xc ./Src/SPI_TxRx_Interrupt.o
 .group         0x00000000        0xc ./Src/SPI_TxRx_Interrupt.o
 .group         0x00000000        0xc ./Src/SPI_TxRx_Interrupt.o
 .group         0x00000000        0xc ./Src/SPI_TxRx_Interrupt.o
 .group         0x00000000        0xc ./Src/SPI_TxRx_Interrupt.o
 .group         0x00000000        0xc ./Src/SPI_TxRx_Interrupt.o
 .group         0x00000000        0xc ./Src/SPI_TxRx_Interrupt.o
 .text          0x00000000        0x0 ./Src/SPI_TxRx_Interrupt.o
 .data          0x00000000        0x0 ./Src/SPI_TxRx_Interrupt.o
 .bss           0x00000000        0x0 ./Src/SPI_TxRx_Interrupt.o
 .bss.toggle    0x00000000        0x1 ./Src/SPI_TxRx_Interrupt.o
 .data.Txbuffer
                0x00000000        0x3 ./Src/SPI_TxRx_Interrupt.o
 .bss.Rxbuffer  0x00000000        0x6 ./Src/SPI_TxRx_Interrupt.o
 .text.PMODSF_Write_EnDi
                0x00000000       0x5e ./Src/SPI_TxRx_Interrupt.o
 .text.led_blinking
                0x00000000       0x7c ./Src/SPI_TxRx_Interrupt.o
 .group         0x00000000        0xc ./Src/syscalls.o
 .group         0x00000000        0xc ./Src/syscalls.o
 .group         0x00000000        0xc ./Src/syscalls.o
 .group         0x00000000        0xc ./Src/syscalls.o
 .group         0x00000000        0xc ./Src/syscalls.o
 .group         0x00000000        0xc ./Src/syscalls.o
 .group         0x00000000        0xc ./Src/syscalls.o
 .group         0x00000000        0xc ./Src/syscalls.o
 .group         0x00000000        0xc ./Src/syscalls.o
 .group         0x00000000        0xc ./Src/syscalls.o
 .group         0x00000000        0xc ./Src/syscalls.o
 .group         0x00000000        0xc ./Src/syscalls.o
 .group         0x00000000        0xc ./Src/syscalls.o
 .group         0x00000000        0xc ./Src/syscalls.o
 .group         0x00000000        0xc ./Src/syscalls.o
 .group         0x00000000        0xc ./Src/syscalls.o
 .group         0x00000000        0xc ./Src/syscalls.o
 .group         0x00000000        0xc ./Src/syscalls.o
 .group         0x00000000        0xc ./Src/syscalls.o
 .group         0x00000000        0xc ./Src/syscalls.o
 .group         0x00000000        0xc ./Src/syscalls.o
 .group         0x00000000        0xc ./Src/syscalls.o
 .group         0x00000000        0xc ./Src/syscalls.o
 .group         0x00000000        0xc ./Src/syscalls.o
 .group         0x00000000        0xc ./Src/syscalls.o
 .group         0x00000000        0xc ./Src/syscalls.o
 .group         0x00000000        0xc ./Src/syscalls.o
 .group         0x00000000        0xc ./Src/syscalls.o
 .group         0x00000000        0xc ./Src/syscalls.o
 .group         0x00000000        0xc ./Src/syscalls.o
 .group         0x00000000        0xc ./Src/syscalls.o
 .group         0x00000000        0xc ./Src/syscalls.o
 .group         0x00000000        0xc ./Src/syscalls.o
 .group         0x00000000        0xc ./Src/syscalls.o
 .group         0x00000000        0xc ./Src/syscalls.o
 .group         0x00000000        0xc ./Src/syscalls.o
 .group         0x00000000        0xc ./Src/syscalls.o
 .group         0x00000000        0xc ./Src/syscalls.o
 .group         0x00000000        0xc ./Src/syscalls.o
 .group         0x00000000        0xc ./Src/syscalls.o
 .group         0x00000000        0xc ./Src/syscalls.o
 .group         0x00000000        0xc ./Src/syscalls.o
 .group         0x00000000        0xc ./Src/syscalls.o
 .group         0x00000000        0xc ./Src/syscalls.o
 .group         0x00000000        0xc ./Src/syscalls.o
 .group         0x00000000        0xc ./Src/syscalls.o
 .group         0x00000000        0xc ./Src/syscalls.o
 .group         0x00000000        0xc ./Src/syscalls.o
 .group         0x00000000        0xc ./Src/syscalls.o
 .text          0x00000000        0x0 ./Src/syscalls.o
 .data          0x00000000        0x0 ./Src/syscalls.o
 .bss           0x00000000        0x0 ./Src/syscalls.o
 .bss.__env     0x00000000        0x4 ./Src/syscalls.o
 .data.environ  0x00000000        0x4 ./Src/syscalls.o
 .text.initialise_monitor_handles
                0x00000000        0xc ./Src/syscalls.o
 .text._getpid  0x00000000        0xe ./Src/syscalls.o
 .text._kill    0x00000000       0x20 ./Src/syscalls.o
 .text._exit    0x00000000       0x16 ./Src/syscalls.o
 .text._read    0x00000000       0x3a ./Src/syscalls.o
 .text._write   0x00000000       0x38 ./Src/syscalls.o
 .text._close   0x00000000       0x16 ./Src/syscalls.o
 .text._fstat   0x00000000       0x1e ./Src/syscalls.o
 .text._isatty  0x00000000       0x14 ./Src/syscalls.o
 .text._lseek   0x00000000       0x18 ./Src/syscalls.o
 .text._open    0x00000000       0x1a ./Src/syscalls.o
 .text._wait    0x00000000       0x1e ./Src/syscalls.o
 .text._unlink  0x00000000       0x1e ./Src/syscalls.o
 .text._times   0x00000000       0x16 ./Src/syscalls.o
 .text._stat    0x00000000       0x1e ./Src/syscalls.o
 .text._link    0x00000000       0x20 ./Src/syscalls.o
 .text._fork    0x00000000       0x16 ./Src/syscalls.o
 .text._execve  0x00000000       0x22 ./Src/syscalls.o
 .debug_info    0x00000000      0x6a3 ./Src/syscalls.o
 .debug_abbrev  0x00000000      0x1b6 ./Src/syscalls.o
 .debug_aranges
                0x00000000       0xa8 ./Src/syscalls.o
 .debug_rnglists
                0x00000000       0x79 ./Src/syscalls.o
 .debug_macro   0x00000000      0x274 ./Src/syscalls.o
 .debug_macro   0x00000000      0xad8 ./Src/syscalls.o
 .debug_macro   0x00000000       0x22 ./Src/syscalls.o
 .debug_macro   0x00000000       0x5b ./Src/syscalls.o
 .debug_macro   0x00000000       0x24 ./Src/syscalls.o
 .debug_macro   0x00000000       0x94 ./Src/syscalls.o
 .debug_macro   0x00000000       0x43 ./Src/syscalls.o
 .debug_macro   0x00000000       0x34 ./Src/syscalls.o
 .debug_macro   0x00000000       0x57 ./Src/syscalls.o
 .debug_macro   0x00000000      0x190 ./Src/syscalls.o
 .debug_macro   0x00000000      0x370 ./Src/syscalls.o
 .debug_macro   0x00000000       0x16 ./Src/syscalls.o
 .debug_macro   0x00000000       0x4a ./Src/syscalls.o
 .debug_macro   0x00000000       0x34 ./Src/syscalls.o
 .debug_macro   0x00000000       0x10 ./Src/syscalls.o
 .debug_macro   0x00000000       0x58 ./Src/syscalls.o
 .debug_macro   0x00000000       0x8e ./Src/syscalls.o
 .debug_macro   0x00000000       0x1c ./Src/syscalls.o
 .debug_macro   0x00000000      0x185 ./Src/syscalls.o
 .debug_macro   0x00000000       0x10 ./Src/syscalls.o
 .debug_macro   0x00000000       0x3c ./Src/syscalls.o
 .debug_macro   0x00000000       0x10 ./Src/syscalls.o
 .debug_macro   0x00000000       0x10 ./Src/syscalls.o
 .debug_macro   0x00000000       0x10 ./Src/syscalls.o
 .debug_macro   0x00000000       0x6a ./Src/syscalls.o
 .debug_macro   0x00000000       0x1c ./Src/syscalls.o
 .debug_macro   0x00000000       0x52 ./Src/syscalls.o
 .debug_macro   0x00000000       0x22 ./Src/syscalls.o
 .debug_macro   0x00000000       0x10 ./Src/syscalls.o
 .debug_macro   0x00000000       0x52 ./Src/syscalls.o
 .debug_macro   0x00000000       0xcf ./Src/syscalls.o
 .debug_macro   0x00000000       0x1c ./Src/syscalls.o
 .debug_macro   0x00000000       0x3d ./Src/syscalls.o
 .debug_macro   0x00000000       0x35 ./Src/syscalls.o
 .debug_macro   0x00000000      0x12c ./Src/syscalls.o
 .debug_macro   0x00000000       0x16 ./Src/syscalls.o
 .debug_macro   0x00000000       0x16 ./Src/syscalls.o
 .debug_macro   0x00000000       0x29 ./Src/syscalls.o
 .debug_macro   0x00000000       0x10 ./Src/syscalls.o
 .debug_macro   0x00000000      0x242 ./Src/syscalls.o
 .debug_macro   0x00000000       0x1c ./Src/syscalls.o
 .debug_macro   0x00000000       0x10 ./Src/syscalls.o
 .debug_macro   0x00000000       0x10 ./Src/syscalls.o
 .debug_macro   0x00000000       0x16 ./Src/syscalls.o
 .debug_macro   0x00000000      0x146 ./Src/syscalls.o
 .debug_macro   0x00000000      0x103 ./Src/syscalls.o
 .debug_macro   0x00000000      0x1df ./Src/syscalls.o
 .debug_macro   0x00000000      0x18a ./Src/syscalls.o
 .debug_macro   0x00000000       0x16 ./Src/syscalls.o
 .debug_macro   0x00000000       0xce ./Src/syscalls.o
 .debug_line    0x00000000      0x8a7 ./Src/syscalls.o
 .debug_str     0x00000000     0x9998 ./Src/syscalls.o
 .comment       0x00000000       0x44 ./Src/syscalls.o
 .debug_frame   0x00000000      0x2ac ./Src/syscalls.o
 .ARM.attributes
                0x00000000       0x2e ./Src/syscalls.o
 .group         0x00000000        0xc ./Src/sysmem.o
 .group         0x00000000        0xc ./Src/sysmem.o
 .group         0x00000000        0xc ./Src/sysmem.o
 .group         0x00000000        0xc ./Src/sysmem.o
 .group         0x00000000        0xc ./Src/sysmem.o
 .group         0x00000000        0xc ./Src/sysmem.o
 .group         0x00000000        0xc ./Src/sysmem.o
 .group         0x00000000        0xc ./Src/sysmem.o
 .group         0x00000000        0xc ./Src/sysmem.o
 .group         0x00000000        0xc ./Src/sysmem.o
 .group         0x00000000        0xc ./Src/sysmem.o
 .group         0x00000000        0xc ./Src/sysmem.o
 .group         0x00000000        0xc ./Src/sysmem.o
 .group         0x00000000        0xc ./Src/sysmem.o
 .group         0x00000000        0xc ./Src/sysmem.o
 .group         0x00000000        0xc ./Src/sysmem.o
 .group         0x00000000        0xc ./Src/sysmem.o
 .group         0x00000000        0xc ./Src/sysmem.o
 .group         0x00000000        0xc ./Src/sysmem.o
 .group         0x00000000        0xc ./Src/sysmem.o
 .group         0x00000000        0xc ./Src/sysmem.o
 .group         0x00000000        0xc ./Src/sysmem.o
 .group         0x00000000        0xc ./Src/sysmem.o
 .text          0x00000000        0x0 ./Src/sysmem.o
 .data          0x00000000        0x0 ./Src/sysmem.o
 .bss           0x00000000        0x0 ./Src/sysmem.o
 .bss.__sbrk_heap_end
                0x00000000        0x4 ./Src/sysmem.o
 .text._sbrk    0x00000000       0x6c ./Src/sysmem.o
 .debug_info    0x00000000      0x168 ./Src/sysmem.o
 .debug_abbrev  0x00000000       0xbc ./Src/sysmem.o
 .debug_aranges
                0x00000000       0x20 ./Src/sysmem.o
 .debug_rnglists
                0x00000000       0x13 ./Src/sysmem.o
 .debug_macro   0x00000000      0x112 ./Src/sysmem.o
 .debug_macro   0x00000000      0xad8 ./Src/sysmem.o
 .debug_macro   0x00000000       0x10 ./Src/sysmem.o
 .debug_macro   0x00000000       0x22 ./Src/sysmem.o
 .debug_macro   0x00000000       0x5b ./Src/sysmem.o
 .debug_macro   0x00000000       0x24 ./Src/sysmem.o
 .debug_macro   0x00000000       0x94 ./Src/sysmem.o
 .debug_macro   0x00000000       0x43 ./Src/sysmem.o
 .debug_macro   0x00000000       0x34 ./Src/sysmem.o
 .debug_macro   0x00000000      0x190 ./Src/sysmem.o
 .debug_macro   0x00000000       0x57 ./Src/sysmem.o
 .debug_macro   0x00000000      0x370 ./Src/sysmem.o
 .debug_macro   0x00000000       0x16 ./Src/sysmem.o
 .debug_macro   0x00000000       0x4a ./Src/sysmem.o
 .debug_macro   0x00000000       0x34 ./Src/sysmem.o
 .debug_macro   0x00000000       0x10 ./Src/sysmem.o
 .debug_macro   0x00000000       0x58 ./Src/sysmem.o
 .debug_macro   0x00000000       0x8e ./Src/sysmem.o
 .debug_macro   0x00000000       0x1c ./Src/sysmem.o
 .debug_macro   0x00000000      0x185 ./Src/sysmem.o
 .debug_macro   0x00000000      0x23c ./Src/sysmem.o
 .debug_macro   0x00000000      0x103 ./Src/sysmem.o
 .debug_macro   0x00000000       0x6a ./Src/sysmem.o
 .debug_macro   0x00000000      0x1df ./Src/sysmem.o
 .debug_line    0x00000000      0x583 ./Src/sysmem.o
 .debug_str     0x00000000     0x7736 ./Src/sysmem.o
 .comment       0x00000000       0x44 ./Src/sysmem.o
 .debug_frame   0x00000000       0x34 ./Src/sysmem.o
 .ARM.attributes
                0x00000000       0x2e ./Src/sysmem.o
 .text          0x00000000       0x14 ./Startup/startup_stm32f401retx.o
 .data          0x00000000        0x0 ./Startup/startup_stm32f401retx.o
 .bss           0x00000000        0x0 ./Startup/startup_stm32f401retx.o
 .group         0x00000000        0xc ./drivers/Src/stm32f4xx_gpio_driver.o
 .group         0x00000000        0xc ./drivers/Src/stm32f4xx_gpio_driver.o
 .group         0x00000000        0xc ./drivers/Src/stm32f4xx_gpio_driver.o
 .group         0x00000000        0xc ./drivers/Src/stm32f4xx_gpio_driver.o
 .group         0x00000000        0xc ./drivers/Src/stm32f4xx_gpio_driver.o
 .group         0x00000000        0xc ./drivers/Src/stm32f4xx_gpio_driver.o
 .group         0x00000000        0xc ./drivers/Src/stm32f4xx_gpio_driver.o
 .group         0x00000000        0xc ./drivers/Src/stm32f4xx_gpio_driver.o
 .text          0x00000000        0x0 ./drivers/Src/stm32f4xx_gpio_driver.o
 .data          0x00000000        0x0 ./drivers/Src/stm32f4xx_gpio_driver.o
 .bss           0x00000000        0x0 ./drivers/Src/stm32f4xx_gpio_driver.o
 .text.GPIO_DeInit
                0x00000000       0x60 ./drivers/Src/stm32f4xx_gpio_driver.o
 .text.GPIO_PinWrite
                0x00000000       0x48 ./drivers/Src/stm32f4xx_gpio_driver.o
 .text.GPIO_PinRead
                0x00000000       0x36 ./drivers/Src/stm32f4xx_gpio_driver.o
 .text.GPIO_IRQInterruptConfig
                0x00000000      0x180 ./drivers/Src/stm32f4xx_gpio_driver.o
 .text.GPIO_IRQPriorityConfig
                0x00000000       0x60 ./drivers/Src/stm32f4xx_gpio_driver.o
 .text.GPIO_IRQHandler
                0x00000000       0x40 ./drivers/Src/stm32f4xx_gpio_driver.o
 .debug_macro   0x00000000      0xad8 ./drivers/Src/stm32f4xx_gpio_driver.o
 .debug_macro   0x00000000       0x22 ./drivers/Src/stm32f4xx_gpio_driver.o
 .debug_macro   0x00000000       0x8e ./drivers/Src/stm32f4xx_gpio_driver.o
 .debug_macro   0x00000000       0x51 ./drivers/Src/stm32f4xx_gpio_driver.o
 .debug_macro   0x00000000      0x103 ./drivers/Src/stm32f4xx_gpio_driver.o
 .debug_macro   0x00000000       0x6a ./drivers/Src/stm32f4xx_gpio_driver.o
 .debug_macro   0x00000000      0x1df ./drivers/Src/stm32f4xx_gpio_driver.o
 .group         0x00000000        0xc ./drivers/Src/stm32f4xx_i2c_driver.o
 .group         0x00000000        0xc ./drivers/Src/stm32f4xx_i2c_driver.o
 .group         0x00000000        0xc ./drivers/Src/stm32f4xx_i2c_driver.o
 .group         0x00000000        0xc ./drivers/Src/stm32f4xx_i2c_driver.o
 .group         0x00000000        0xc ./drivers/Src/stm32f4xx_i2c_driver.o
 .group         0x00000000        0xc ./drivers/Src/stm32f4xx_i2c_driver.o
 .group         0x00000000        0xc ./drivers/Src/stm32f4xx_i2c_driver.o
 .group         0x00000000        0xc ./drivers/Src/stm32f4xx_i2c_driver.o
 .group         0x00000000        0xc ./drivers/Src/stm32f4xx_i2c_driver.o
 .text          0x00000000        0x0 ./drivers/Src/stm32f4xx_i2c_driver.o
 .data          0x00000000        0x0 ./drivers/Src/stm32f4xx_i2c_driver.o
 .bss           0x00000000        0x0 ./drivers/Src/stm32f4xx_i2c_driver.o
 .data.AHB_PreScaler
                0x00000000       0x10 ./drivers/Src/stm32f4xx_i2c_driver.o
 .data.APB1_PreScaler
                0x00000000        0x8 ./drivers/Src/stm32f4xx_i2c_driver.o
 .text.I2C_Init
                0x00000000      0x180 ./drivers/Src/stm32f4xx_i2c_driver.o
 .text.I2C_MasterSendData
                0x00000000       0xd0 ./drivers/Src/stm32f4xx_i2c_driver.o
 .text.I2C_MasterSendDataIT
                0x00000000       0x4a ./drivers/Src/stm32f4xx_i2c_driver.o
 .text.I2C_MasterReceiveDataIT
                0x00000000       0x4a ./drivers/Src/stm32f4xx_i2c_driver.o
 .text.I2C_EV_Handling
                0x00000000      0x18c ./drivers/Src/stm32f4xx_i2c_driver.o
 .text.I2C_ER_Handling
                0x00000000      0x10c ./drivers/Src/stm32f4xx_i2c_driver.o
 .text.I2C_MasterHandleTXEInterrupt
                0x00000000       0x3a ./drivers/Src/stm32f4xx_i2c_driver.o
 .text.I2C_MasterHandleRXNEInterrupt
                0x00000000       0x94 ./drivers/Src/stm32f4xx_i2c_driver.o
 .text.I2C_CloseReceiveData
                0x00000000       0x62 ./drivers/Src/stm32f4xx_i2c_driver.o
 .text.I2C_CloseSendData
                0x00000000       0x44 ./drivers/Src/stm32f4xx_i2c_driver.o
 .text.I2C_MasterReceiveData
                0x00000000      0x1dc ./drivers/Src/stm32f4xx_i2c_driver.o
 .text.I2C_GenerateStartCondition
                0x00000000       0x1e ./drivers/Src/stm32f4xx_i2c_driver.o
 .text.I2C_GenerateStopCondition
                0x00000000       0x1e ./drivers/Src/stm32f4xx_i2c_driver.o
 .text.I2C_ExecuteAddressphase
                0x00000000       0x3a ./drivers/Src/stm32f4xx_i2c_driver.o
 .text.I2C_ClearADDRFlag
                0x00000000       0x7c ./drivers/Src/stm32f4xx_i2c_driver.o
 .text.I2C_checkFlags
                0x00000000       0x2e ./drivers/Src/stm32f4xx_i2c_driver.o
 .text.I2C_PeriClkCtrl
                0x00000000       0xb0 ./drivers/Src/stm32f4xx_i2c_driver.o
 .text.RCC_GetPCLK1Value
                0x00000000       0xcc ./drivers/Src/stm32f4xx_i2c_driver.o
 .text.RCC_GetPLLOutput
                0x00000000        0xe ./drivers/Src/stm32f4xx_i2c_driver.o
 .text.I2C_IRQPriorityConfig
                0x00000000       0x60 ./drivers/Src/stm32f4xx_i2c_driver.o
 .debug_macro   0x00000000      0xad8 ./drivers/Src/stm32f4xx_i2c_driver.o
 .debug_macro   0x00000000       0x22 ./drivers/Src/stm32f4xx_i2c_driver.o
 .debug_macro   0x00000000       0x8e ./drivers/Src/stm32f4xx_i2c_driver.o
 .debug_macro   0x00000000       0x51 ./drivers/Src/stm32f4xx_i2c_driver.o
 .debug_macro   0x00000000      0x103 ./drivers/Src/stm32f4xx_i2c_driver.o
 .debug_macro   0x00000000       0x6a ./drivers/Src/stm32f4xx_i2c_driver.o
 .debug_macro   0x00000000      0x1df ./drivers/Src/stm32f4xx_i2c_driver.o
 .debug_macro   0x00000000      0x228 ./drivers/Src/stm32f4xx_i2c_driver.o
 .group         0x00000000        0xc ./drivers/Src/stm32f4xx_spi_driver.o
 .group         0x00000000        0xc ./drivers/Src/stm32f4xx_spi_driver.o
 .group         0x00000000        0xc ./drivers/Src/stm32f4xx_spi_driver.o
 .group         0x00000000        0xc ./drivers/Src/stm32f4xx_spi_driver.o
 .group         0x00000000        0xc ./drivers/Src/stm32f4xx_spi_driver.o
 .group         0x00000000        0xc ./drivers/Src/stm32f4xx_spi_driver.o
 .group         0x00000000        0xc ./drivers/Src/stm32f4xx_spi_driver.o
 .group         0x00000000        0xc ./drivers/Src/stm32f4xx_spi_driver.o
 .group         0x00000000        0xc ./drivers/Src/stm32f4xx_spi_driver.o
 .text          0x00000000        0x0 ./drivers/Src/stm32f4xx_spi_driver.o
 .data          0x00000000        0x0 ./drivers/Src/stm32f4xx_spi_driver.o
 .bss           0x00000000        0x0 ./drivers/Src/stm32f4xx_spi_driver.o
 .text.SPI_MasterSendData
                0x00000000       0x6e ./drivers/Src/stm32f4xx_spi_driver.o
 .text.SPI_MasterReceiveData
                0x00000000       0x8a ./drivers/Src/stm32f4xx_spi_driver.o
 .text.SPI_IgnoreNSSPin
                0x00000000       0x36 ./drivers/Src/stm32f4xx_spi_driver.o
 .text.SPI_IRQInterruptConfig
                0x00000000      0x180 ./drivers/Src/stm32f4xx_spi_driver.o
 .text.SPI_IRQPriorityConfig
                0x00000000       0x60 ./drivers/Src/stm32f4xx_spi_driver.o
 .debug_macro   0x00000000      0xad8 ./drivers/Src/stm32f4xx_spi_driver.o
 .debug_macro   0x00000000       0x22 ./drivers/Src/stm32f4xx_spi_driver.o
 .debug_macro   0x00000000       0x8e ./drivers/Src/stm32f4xx_spi_driver.o
 .debug_macro   0x00000000       0x51 ./drivers/Src/stm32f4xx_spi_driver.o
 .debug_macro   0x00000000      0x103 ./drivers/Src/stm32f4xx_spi_driver.o
 .debug_macro   0x00000000       0x6a ./drivers/Src/stm32f4xx_spi_driver.o
 .debug_macro   0x00000000      0x1df ./drivers/Src/stm32f4xx_spi_driver.o
 .debug_macro   0x00000000      0x228 ./drivers/Src/stm32f4xx_spi_driver.o
 .text          0x00000000        0x0 C:/ST/STM32CubeIDE_1.18.0/STM32CubeIDE/plugins/com.st.stm32cube.ide.mcu.externaltools.gnu-tools-for-stm32.13.3.rel1.win32_1.0.0.202411081344/tools/bin/../lib/gcc/arm-none-eabi/13.3.1/../../../../arm-none-eabi/lib/thumb/v7e-m/nofp\libc_nano.a(libc_a-errno.o)
 .data          0x00000000        0x0 C:/ST/STM32CubeIDE_1.18.0/STM32CubeIDE/plugins/com.st.stm32cube.ide.mcu.externaltools.gnu-tools-for-stm32.13.3.rel1.win32_1.0.0.202411081344/tools/bin/../lib/gcc/arm-none-eabi/13.3.1/../../../../arm-none-eabi/lib/thumb/v7e-m/nofp\libc_nano.a(libc_a-errno.o)
 .bss           0x00000000        0x0 C:/ST/STM32CubeIDE_1.18.0/STM32CubeIDE/plugins/com.st.stm32cube.ide.mcu.externaltools.gnu-tools-for-stm32.13.3.rel1.win32_1.0.0.202411081344/tools/bin/../lib/gcc/arm-none-eabi/13.3.1/../../../../arm-none-eabi/lib/thumb/v7e-m/nofp\libc_nano.a(libc_a-errno.o)
 .text.__errno  0x00000000        0xc C:/ST/STM32CubeIDE_1.18.0/STM32CubeIDE/plugins/com.st.stm32cube.ide.mcu.externaltools.gnu-tools-for-stm32.13.3.rel1.win32_1.0.0.202411081344/tools/bin/../lib/gcc/arm-none-eabi/13.3.1/../../../../arm-none-eabi/lib/thumb/v7e-m/nofp\libc_nano.a(libc_a-errno.o)
 .debug_frame   0x00000000       0x20 C:/ST/STM32CubeIDE_1.18.0/STM32CubeIDE/plugins/com.st.stm32cube.ide.mcu.externaltools.gnu-tools-for-stm32.13.3.rel1.win32_1.0.0.202411081344/tools/bin/../lib/gcc/arm-none-eabi/13.3.1/../../../../arm-none-eabi/lib/thumb/v7e-m/nofp\libc_nano.a(libc_a-errno.o)
 .ARM.attributes
                0x00000000       0x2e C:/ST/STM32CubeIDE_1.18.0/STM32CubeIDE/plugins/com.st.stm32cube.ide.mcu.externaltools.gnu-tools-for-stm32.13.3.rel1.win32_1.0.0.202411081344/tools/bin/../lib/gcc/arm-none-eabi/13.3.1/../../../../arm-none-eabi/lib/thumb/v7e-m/nofp\libc_nano.a(libc_a-errno.o)
 .text          0x00000000        0x0 C:/ST/STM32CubeIDE_1.18.0/STM32CubeIDE/plugins/com.st.stm32cube.ide.mcu.externaltools.gnu-tools-for-stm32.13.3.rel1.win32_1.0.0.202411081344/tools/bin/../lib/gcc/arm-none-eabi/13.3.1/../../../../arm-none-eabi/lib/thumb/v7e-m/nofp\libc_nano.a(libc_a-impure.o)
 .data          0x00000000        0x0 C:/ST/STM32CubeIDE_1.18.0/STM32CubeIDE/plugins/com.st.stm32cube.ide.mcu.externaltools.gnu-tools-for-stm32.13.3.rel1.win32_1.0.0.202411081344/tools/bin/../lib/gcc/arm-none-eabi/13.3.1/../../../../arm-none-eabi/lib/thumb/v7e-m/nofp\libc_nano.a(libc_a-impure.o)
 .bss           0x00000000        0x0 C:/ST/STM32CubeIDE_1.18.0/STM32CubeIDE/plugins/com.st.stm32cube.ide.mcu.externaltools.gnu-tools-for-stm32.13.3.rel1.win32_1.0.0.202411081344/tools/bin/../lib/gcc/arm-none-eabi/13.3.1/../../../../arm-none-eabi/lib/thumb/v7e-m/nofp\libc_nano.a(libc_a-impure.o)
 .data._impure_ptr
                0x00000000        0x4 C:/ST/STM32CubeIDE_1.18.0/STM32CubeIDE/plugins/com.st.stm32cube.ide.mcu.externaltools.gnu-tools-for-stm32.13.3.rel1.win32_1.0.0.202411081344/tools/bin/../lib/gcc/arm-none-eabi/13.3.1/../../../../arm-none-eabi/lib/thumb/v7e-m/nofp\libc_nano.a(libc_a-impure.o)
 .data._impure_data
                0x00000000       0x4c C:/ST/STM32CubeIDE_1.18.0/STM32CubeIDE/plugins/com.st.stm32cube.ide.mcu.externaltools.gnu-tools-for-stm32.13.3.rel1.win32_1.0.0.202411081344/tools/bin/../lib/gcc/arm-none-eabi/13.3.1/../../../../arm-none-eabi/lib/thumb/v7e-m/nofp\libc_nano.a(libc_a-impure.o)
 .ARM.attributes
                0x00000000       0x2e C:/ST/STM32CubeIDE_1.18.0/STM32CubeIDE/plugins/com.st.stm32cube.ide.mcu.externaltools.gnu-tools-for-stm32.13.3.rel1.win32_1.0.0.202411081344/tools/bin/../lib/gcc/arm-none-eabi/13.3.1/../../../../arm-none-eabi/lib/thumb/v7e-m/nofp\libc_nano.a(libc_a-impure.o)

Memory Configuration

Name             Origin             Length             Attributes
RAM              0x20000000         0x00018000         xrw
FLASH            0x08000000         0x00080000         xr
*default*        0x00000000         0xffffffff

Linker script and memory map

LOAD ./Src/SPI_TxRx_Interrupt.o
LOAD ./Src/syscalls.o
LOAD ./Src/sysmem.o
LOAD ./Startup/startup_stm32f401retx.o
LOAD ./drivers/Src/stm32f4xx_gpio_driver.o
LOAD ./drivers/Src/stm32f4xx_i2c_driver.o
LOAD ./drivers/Src/stm32f4xx_spi_driver.o
START GROUP
LOAD C:/ST/STM32CubeIDE_1.18.0/STM32CubeIDE/plugins/com.st.stm32cube.ide.mcu.externaltools.gnu-tools-for-stm32.13.3.rel1.win32_1.0.0.202411081344/tools/bin/../lib/gcc/arm-none-eabi/13.3.1/../../../../arm-none-eabi/lib/thumb/v7e-m/nofp\libc_nano.a
LOAD C:/ST/STM32CubeIDE_1.18.0/STM32CubeIDE/plugins/com.st.stm32cube.ide.mcu.externaltools.gnu-tools-for-stm32.13.3.rel1.win32_1.0.0.202411081344/tools/bin/../lib/gcc/arm-none-eabi/13.3.1/../../../../arm-none-eabi/lib/thumb/v7e-m/nofp\libm.a
END GROUP
                0x20018000                        _estack = (ORIGIN (RAM) + LENGTH (RAM))
                0x00000200                        _Min_Heap_Size = 0x200
                0x00000400                        _Min_Stack_Size = 0x400

.isr_vector     0x08000000      0x194
                0x08000000                        . = ALIGN (0x4)
 *(.isr_vector)
 .isr_vector    0x08000000      0x194 ./Startup/startup_stm32f401retx.o
                0x08000000                g_pfnVectors
                0x08000194                        . = ALIGN (0x4)

.text           0x08000194      0xa40
                0x08000194                        . = ALIGN (0x4)
 *(.text)
 *(.text*)
 .text.main     0x08000194        0xc ./Src/SPI_TxRx_Interrupt.o
                0x08000194                main
 .text.spi_write_read_polling
                0x080001a0      0x14c ./Src/SPI_TxRx_Interrupt.o
                0x080001a0                spi_write_read_polling
 .text.SPI1_IRQHandler
                0x080002ec       0x14 ./Src/SPI_TxRx_Interrupt.o
                0x080002ec                SPI1_IRQHandler
 .text.Reset_Handler
                0x08000300       0x4c ./Startup/startup_stm32f401retx.o
                0x08000300                Reset_Handler
 .text.Default_Handler
                0x0800034c        0x2 ./Startup/startup_stm32f401retx.o
                0x0800034c                EXTI2_IRQHandler
                0x0800034c                DebugMon_Handler
                0x0800034c                SPI4_IRQHandler
                0x0800034c                TIM1_CC_IRQHandler
                0x0800034c                DMA2_Stream5_IRQHandler
                0x0800034c                HardFault_Handler
                0x0800034c                DMA1_Stream5_IRQHandler
                0x0800034c                SysTick_Handler
                0x0800034c                SDIO_IRQHandler
                0x0800034c                TAMP_STAMP_IRQHandler
                0x0800034c                PendSV_Handler
                0x0800034c                NMI_Handler
                0x0800034c                EXTI3_IRQHandler
                0x0800034c                TIM1_UP_TIM10_IRQHandler
                0x0800034c                I2C3_ER_IRQHandler
                0x0800034c                EXTI18_OTG_FS_WKUP_IRQHandler
                0x0800034c                EXTI0_IRQHandler
                0x0800034c                I2C2_EV_IRQHandler
                0x0800034c                DMA1_Stream2_IRQHandler
                0x0800034c                UsageFault_Handler
                0x0800034c                DMA2_Stream2_IRQHandler
                0x0800034c                TIM1_BRK_TIM9_IRQHandler
                0x0800034c                DMA2_Stream3_IRQHandler
                0x0800034c                USART6_IRQHandler
                0x0800034c                DMA2_Stream0_IRQHandler
                0x0800034c                TIM4_IRQHandler
                0x0800034c                I2C1_EV_IRQHandler
                0x0800034c                DMA1_Stream6_IRQHandler
                0x0800034c                DMA1_Stream1_IRQHandler
                0x0800034c                TIM3_IRQHandler
                0x0800034c                RCC_IRQHandler
                0x0800034c                Default_Handler
                0x0800034c                EXTI15_10_IRQHandler
                0x0800034c                ADC_IRQHandler
                0x0800034c                DMA1_Stream7_IRQHandler
                0x0800034c                TIM5_IRQHandler
                0x0800034c                DMA2_Stream7_IRQHandler
                0x0800034c                I2C3_EV_IRQHandler
                0x0800034c                EXTI9_5_IRQHandler
                0x0800034c                SPI2_IRQHandler
                0x0800034c                MemManage_Handler
                0x0800034c                DMA1_Stream0_IRQHandler
                0x0800034c                SVC_Handler
                0x0800034c                EXTI4_IRQHandler
                0x0800034c                EXTI22_RTC_WKUP_IRQHandler
                0x0800034c                TIM2_IRQHandler
                0x0800034c                EXTI16_PVD_IRQHandler
                0x0800034c                TIM1_TRG_COM_TIM11_IRQHandler
                0x0800034c                EXTI1_IRQHandler
                0x0800034c                EXTI17_RTC_Alarm_IRQHandler
                0x0800034c                USART2_IRQHandler
                0x0800034c                I2C2_ER_IRQHandler
                0x0800034c                DMA2_Stream1_IRQHandler
                0x0800034c                FLASH_IRQHandler
                0x0800034c                DMA2_Stream4_IRQHandler
                0x0800034c                BusFault_Handler
                0x0800034c                USART1_IRQHandler
                0x0800034c                OTG_FS_IRQHandler
                0x0800034c                SPI3_IRQHandler
                0x0800034c                DMA1_Stream4_IRQHandler
                0x0800034c                I2C1_ER_IRQHandler
                0x0800034c                DMA2_Stream6_IRQHandler
                0x0800034c                DMA1_Stream3_IRQHandler
 *fill*         0x0800034e        0x2 
 .text.GPIO_PeriClkCtrl
                0x08000350       0xb0 ./drivers/Src/stm32f4xx_gpio_driver.o
                0x08000350                GPIO_PeriClkCtrl
 .text.GPIO_Init
                0x08000400      0x218 ./drivers/Src/stm32f4xx_gpio_driver.o
                0x08000400                GPIO_Init
 .text.I2C_IRQInterruptConfig
                0x08000618      0x180 ./drivers/Src/stm32f4xx_i2c_driver.o
                0x08000618                I2C_IRQInterruptConfig
 .text.SPI_Init
                0x08000798       0xd2 ./drivers/Src/stm32f4xx_spi_driver.o
                0x08000798                SPI_Init
 .text.SPI_MasterReceiveDataIT
                0x0800086a       0x48 ./drivers/Src/stm32f4xx_spi_driver.o
                0x0800086a                SPI_MasterReceiveDataIT
 .text.SPI_MasterSendDataIT
                0x080008b2       0x48 ./drivers/Src/stm32f4xx_spi_driver.o
                0x080008b2                SPI_MasterSendDataIT
 .text.SPI_EV_Handling
                0x080008fa      0x164 ./drivers/Src/stm32f4xx_spi_driver.o
                0x080008fa                SPI_EV_Handling
 .text.SPI_Close
                0x08000a5e       0x1e ./drivers/Src/stm32f4xx_spi_driver.o
                0x08000a5e                SPI_Close
 .text.SPI_TXEIE_Close
                0x08000a7c       0x54 ./drivers/Src/stm32f4xx_spi_driver.o
                0x08000a7c                SPI_TXEIE_Close
 .text.SPI_RXNEIE_Close
                0x08000ad0       0x54 ./drivers/Src/stm32f4xx_spi_driver.o
                0x08000ad0                SPI_RXNEIE_Close
 .text.SPI_PeriClkCtrl
                0x08000b24       0xb0 ./drivers/Src/stm32f4xx_spi_driver.o
                0x08000b24                SPI_PeriClkCtrl
 *(.glue_7)
 .glue_7        0x08000bd4        0x0 linker stubs
 *(.glue_7t)
 .glue_7t       0x08000bd4        0x0 linker stubs
 *(.eh_frame)
 *(.init)
 *(.fini)
                0x08000bd4                        . = ALIGN (0x4)
                0x08000bd4                        _etext = .

.vfp11_veneer   0x08000bd4        0x0
 .vfp11_veneer  0x08000bd4        0x0 linker stubs

.v4_bx          0x08000bd4        0x0
 .v4_bx         0x08000bd4        0x0 linker stubs

.iplt           0x08000bd4        0x0
 .iplt          0x08000bd4        0x0 ./Src/SPI_TxRx_Interrupt.o

.rel.dyn        0x08000bd4        0x0
 .rel.iplt      0x08000bd4        0x0 ./Src/SPI_TxRx_Interrupt.o

.rodata         0x08000bd4        0x0
                0x08000bd4                        . = ALIGN (0x4)
 *(.rodata)
 *(.rodata*)
                0x08000bd4                        . = ALIGN (0x4)

.ARM.extab      0x08000bd4        0x0
                0x08000bd4                        . = ALIGN (0x4)
 *(.ARM.extab* .gnu.linkonce.armextab.*)
                0x08000bd4                        . = ALIGN (0x4)

.ARM            0x08000bd4        0x0
                0x08000bd4                        . = ALIGN (0x4)
                0x08000bd4                        __exidx_start = .
 *(.ARM.exidx*)
                0x08000bd4                        __exidx_end = .
                0x08000bd4                        . = ALIGN (0x4)

.preinit_array  0x08000bd4        0x0
                0x08000bd4                        . = ALIGN (0x4)
                [!provide]                        PROVIDE (__preinit_array_start = .)
 *(.preinit_array*)
                [!provide]                        PROVIDE (__preinit_array_end = .)
                0x08000bd4                        . = ALIGN (0x4)

.init_array     0x08000bd4        0x0
                0x08000bd4                        . = ALIGN (0x4)
                [!provide]                        PROVIDE (__init_array_start = .)
 *(SORT_BY_NAME(.init_array.*))
 *(.init_array*)
                [!provide]                        PROVIDE (__init_array_end = .)
                0x08000bd4                        . = ALIGN (0x4)

.fini_array     0x08000bd4        0x0
                0x08000bd4                        . = ALIGN (0x4)
                [!provide]                        PROVIDE (__fini_array_start = .)
 *(SORT_BY_NAME(.fini_array.*))
 *(.fini_array*)
                [!provide]                        PROVIDE (__fini_array_end = .)
                0x08000bd4                        . = ALIGN (0x4)
                0x08000bd4                        _sidata = LOADADDR (.data)

.data           0x20000000        0x0 load address 0x08000bd4
                0x20000000                        . = ALIGN (0x4)
                0x20000000                        _sdata = .
 *(.data)
 *(.data*)
 *(.RamFunc)
 *(.RamFunc*)
                0x20000000                        . = ALIGN (0x4)
                0x20000000                        _edata = .

.igot.plt       0x20000000        0x0 load address 0x08000bd4
 .igot.plt      0x20000000        0x0 ./Src/SPI_TxRx_Interrupt.o
                0x20000000                        . = ALIGN (0x4)

.bss            0x20000000       0x38 load address 0x08000bd4
                0x20000000                        _sbss = .
                0x20000000                        __bss_start__ = _sbss
 *(.bss)
 *(.bss*)
 .bss.spi1      0x20000000       0x20 ./Src/SPI_TxRx_Interrupt.o
                0x20000000                spi1
 .bss.command   0x20000020        0xa ./Src/SPI_TxRx_Interrupt.o
                0x20000020                command
 *fill*         0x2000002a        0x2 
 .bss.response  0x2000002c        0xa ./Src/SPI_TxRx_Interrupt.o
                0x2000002c                response
 *(COMMON)
                0x20000038                        . = ALIGN (0x4)
 *fill*         0x20000036        0x2 
                0x20000038                        _ebss = .
                0x20000038                        __bss_end__ = _ebss

._user_heap_stack
                0x20000038      0x600 load address 0x08000bd4
                0x20000038                        . = ALIGN (0x8)
                [!provide]                        PROVIDE (end = .)
                0x20000038                        PROVIDE (_end = .)
                0x20000238                        . = (. + _Min_Heap_Size)
 *fill*         0x20000038      0x200 
                0x20000638                        . = (. + _Min_Stack_Size)
 *fill*         0x20000238      0x400 
                0x20000638                        . = ALIGN (0x8)

/DISCARD/
 libc.a(*)
 libm.a(*)
 libgcc.a(*)

.ARM.attributes
                0x00000000       0x2c
 *(.ARM.attributes)
 .ARM.attributes
                0x00000000       0x2e ./Src/SPI_TxRx_Interrupt.o
 .ARM.attributes
                0x0000002e       0x21 ./Startup/startup_stm32f401retx.o
 .ARM.attributes
                0x0000004f       0x2e ./drivers/Src/stm32f4xx_gpio_driver.o
 .ARM.attributes
                0x0000007d       0x2e ./drivers/Src/stm32f4xx_i2c_driver.o
 .ARM.attributes
                0x000000ab       0x2e ./drivers/Src/stm32f4xx_spi_driver.o
OUTPUT(STM32_DeviceDriver.elf elf32-littlearm)
LOAD linker stubs
LOAD C:/ST/STM32CubeIDE_1.18.0/STM32CubeIDE/plugins/com.st.stm32cube.ide.mcu.externaltools.gnu-tools-for-stm32.13.3.rel1.win32_1.0.0.202411081344/tools/bin/../lib/gcc/arm-none-eabi/13.3.1/../../../../arm-none-eabi/lib/thumb/v7e-m/nofp\libc.a
LOAD C:/ST/STM32CubeIDE_1.18.0/STM32CubeIDE/plugins/com.st.stm32cube.ide.mcu.externaltools.gnu-tools-for-stm32.13.3.rel1.win32_1.0.0.202411081344/tools/bin/../lib/gcc/arm-none-eabi/13.3.1/../../../../arm-none-eabi/lib/thumb/v7e-m/nofp\libm.a
LOAD C:/ST/STM32CubeIDE_1.18.0/STM32CubeIDE/plugins/com.st.stm32cube.ide.mcu.externaltools.gnu-tools-for-stm32.13.3.rel1.win32_1.0.0.202411081344/tools/bin/../lib/gcc/arm-none-eabi/13.3.1/thumb/v7e-m/nofp\libgcc.a

.debug_info     0x00000000     0x1f04
 .debug_info    0x00000000      0x78f ./Src/SPI_TxRx_Interrupt.o
 .debug_info    0x0000078f       0x30 ./Startup/startup_stm32f401retx.o
 .debug_info    0x000007bf      0x66a ./drivers/Src/stm32f4xx_gpio_driver.o
 .debug_info    0x00000e29      0xa35 ./drivers/Src/stm32f4xx_i2c_driver.o
 .debug_info    0x0000185e      0x6a6 ./drivers/Src/stm32f4xx_spi_driver.o

.debug_abbrev   0x00000000      0x6af
 .debug_abbrev  0x00000000      0x197 ./Src/SPI_TxRx_Interrupt.o
 .debug_abbrev  0x00000197       0x24 ./Startup/startup_stm32f401retx.o
 .debug_abbrev  0x000001bb      0x154 ./drivers/Src/stm32f4xx_gpio_driver.o
 .debug_abbrev  0x0000030f      0x245 ./drivers/Src/stm32f4xx_i2c_driver.o
 .debug_abbrev  0x00000554      0x15b ./drivers/Src/stm32f4xx_spi_driver.o

.debug_aranges  0x00000000      0x200
 .debug_aranges
                0x00000000       0x40 ./Src/SPI_TxRx_Interrupt.o
 .debug_aranges
                0x00000040       0x28 ./Startup/startup_stm32f401retx.o
 .debug_aranges
                0x00000068       0x58 ./drivers/Src/stm32f4xx_gpio_driver.o
 .debug_aranges
                0x000000c0       0xc0 ./drivers/Src/stm32f4xx_i2c_driver.o
 .debug_aranges
                0x00000180       0x80 ./drivers/Src/stm32f4xx_spi_driver.o

.debug_rnglists
                0x00000000      0x179
 .debug_rnglists
                0x00000000       0x2c ./Src/SPI_TxRx_Interrupt.o
 .debug_rnglists
                0x0000002c       0x19 ./Startup/startup_stm32f401retx.o
 .debug_rnglists
                0x00000045       0x40 ./drivers/Src/stm32f4xx_gpio_driver.o
 .debug_rnglists
                0x00000085       0x94 ./drivers/Src/stm32f4xx_i2c_driver.o
 .debug_rnglists
                0x00000119       0x60 ./drivers/Src/stm32f4xx_spi_driver.o

.debug_macro    0x00000000     0x260e
 .debug_macro   0x00000000      0x1aa ./Src/SPI_TxRx_Interrupt.o
 .debug_macro   0x000001aa      0xad8 ./Src/SPI_TxRx_Interrupt.o
 .debug_macro   0x00000c82       0x22 ./Src/SPI_TxRx_Interrupt.o
 .debug_macro   0x00000ca4       0x8e ./Src/SPI_TxRx_Interrupt.o
 .debug_macro   0x00000d32       0x51 ./Src/SPI_TxRx_Interrupt.o
 .debug_macro   0x00000d83      0x103 ./Src/SPI_TxRx_Interrupt.o
 .debug_macro   0x00000e86       0x6a ./Src/SPI_TxRx_Interrupt.o
 .debug_macro   0x00000ef0      0x1df ./Src/SPI_TxRx_Interrupt.o
 .debug_macro   0x000010cf       0x61 ./Src/SPI_TxRx_Interrupt.o
 .debug_macro   0x00001130       0x24 ./Src/SPI_TxRx_Interrupt.o
 .debug_macro   0x00001154       0x43 ./Src/SPI_TxRx_Interrupt.o
 .debug_macro   0x00001197       0x34 ./Src/SPI_TxRx_Interrupt.o
 .debug_macro   0x000011cb       0x16 ./Src/SPI_TxRx_Interrupt.o
 .debug_macro   0x000011e1       0x9e ./Src/SPI_TxRx_Interrupt.o
 .debug_macro   0x0000127f      0x370 ./Src/SPI_TxRx_Interrupt.o
 .debug_macro   0x000015ef      0x112 ./Src/SPI_TxRx_Interrupt.o
 .debug_macro   0x00001701       0x10 ./Src/SPI_TxRx_Interrupt.o
 .debug_macro   0x00001711       0x16 ./Src/SPI_TxRx_Interrupt.o
 .debug_macro   0x00001727       0x4a ./Src/SPI_TxRx_Interrupt.o
 .debug_macro   0x00001771       0x34 ./Src/SPI_TxRx_Interrupt.o
 .debug_macro   0x000017a5       0x10 ./Src/SPI_TxRx_Interrupt.o
 .debug_macro   0x000017b5       0x58 ./Src/SPI_TxRx_Interrupt.o
 .debug_macro   0x0000180d       0x8e ./Src/SPI_TxRx_Interrupt.o
 .debug_macro   0x0000189b       0x1c ./Src/SPI_TxRx_Interrupt.o
 .debug_macro   0x000018b7      0x185 ./Src/SPI_TxRx_Interrupt.o
 .debug_macro   0x00001a3c       0x16 ./Src/SPI_TxRx_Interrupt.o
 .debug_macro   0x00001a52       0x16 ./Src/SPI_TxRx_Interrupt.o
 .debug_macro   0x00001a68      0x146 ./Src/SPI_TxRx_Interrupt.o
 .debug_macro   0x00001bae       0x16 ./Src/SPI_TxRx_Interrupt.o
 .debug_macro   0x00001bc4       0x3c ./Src/SPI_TxRx_Interrupt.o
 .debug_macro   0x00001c00       0x16 ./Src/SPI_TxRx_Interrupt.o
 .debug_macro   0x00001c16       0x29 ./Src/SPI_TxRx_Interrupt.o
 .debug_macro   0x00001c3f      0x22e ./Src/SPI_TxRx_Interrupt.o
 .debug_macro   0x00001e6d       0xb8 ./Src/SPI_TxRx_Interrupt.o
 .debug_macro   0x00001f25      0x148 ./Src/SPI_TxRx_Interrupt.o
 .debug_macro   0x0000206d       0x83 ./drivers/Src/stm32f4xx_gpio_driver.o
 .debug_macro   0x000020f0      0x228 ./drivers/Src/stm32f4xx_gpio_driver.o
 .debug_macro   0x00002318       0x81 ./drivers/Src/stm32f4xx_i2c_driver.o
 .debug_macro   0x00002399       0xb2 ./drivers/Src/stm32f4xx_i2c_driver.o
 .debug_macro   0x0000244b       0x81 ./drivers/Src/stm32f4xx_spi_driver.o
 .debug_macro   0x000024cc      0x142 ./drivers/Src/stm32f4xx_spi_driver.o

.debug_line     0x00000000     0x2771
 .debug_line    0x00000000      0x790 ./Src/SPI_TxRx_Interrupt.o
 .debug_line    0x00000790       0x7a ./Startup/startup_stm32f401retx.o
 .debug_line    0x0000080a      0x81d ./drivers/Src/stm32f4xx_gpio_driver.o
 .debug_line    0x00001027      0xdbe ./drivers/Src/stm32f4xx_i2c_driver.o
 .debug_line    0x00001de5      0x98c ./drivers/Src/stm32f4xx_spi_driver.o

.debug_str      0x00000000     0x963b
 .debug_str     0x00000000     0x963b ./Src/SPI_TxRx_Interrupt.o
                               0x9124 (size before relaxing)
 .debug_str     0x0000963b       0x77 ./Startup/startup_stm32f401retx.o
 .debug_str     0x0000963b     0x4dce ./drivers/Src/stm32f4xx_gpio_driver.o
 .debug_str     0x0000963b     0x511f ./drivers/Src/stm32f4xx_i2c_driver.o
 .debug_str     0x0000963b     0x50e9 ./drivers/Src/stm32f4xx_spi_driver.o

.comment        0x00000000       0x43
 .comment       0x00000000       0x43 ./Src/SPI_TxRx_Interrupt.o
                                 0x44 (size before relaxing)
 .comment       0x00000043       0x44 ./drivers/Src/stm32f4xx_gpio_driver.o
 .comment       0x00000043       0x44 ./drivers/Src/stm32f4xx_i2c_driver.o
 .comment       0x00000043       0x44 ./drivers/Src/stm32f4xx_spi_driver.o

.debug_frame    0x00000000      0x738
 .debug_frame   0x00000000       0xb0 ./Src/SPI_TxRx_Interrupt.o
 .debug_frame   0x000000b0      0x14c ./drivers/Src/stm32f4xx_gpio_driver.o
 .debug_frame   0x000001fc      0x32c ./drivers/Src/stm32f4xx_i2c_driver.o
 .debug_frame   0x00000528      0x210 ./drivers/Src/stm32f4xx_spi_driver.o

.debug_line_str
                0x00000000       0x5b
 .debug_line_str
                0x00000000       0x5b ./Startup/startup_stm32f401retx.o
