18:49:41 **** Incremental Build of configuration Debug for project STM32_Driver_Development ****
make -j8 all 
arm-none-eabi-gcc "../Src/main.c" -mcpu=cortex-m4 -std=gnu11 -g3 -DDEBUG -DNUCLEO_F401RE -DSTM32 -DSTM32F401RETx -DSTM32F4 -c -I"C:/Work/STM32_Driver_workspace/Task_GPIO_Driver/drivers/Inc" -O0 -ffunction-sections -fdata-sections -Wall -fstack-usage -fcyclomatic-complexity -MMD -MP -MF"Src/main.d" -MT"Src/main.o" --specs=nano.specs -mfloat-abi=soft -mthumb -o "Src/main.o"
arm-none-eabi-gcc -o "STM32_Driver_Development.elf" @"objects.list"   -mcpu=cortex-m4 -T"C:\Work\STM32_Driver_workspace\Task_GPIO_Driver\STM32F401RETX_FLASH.ld" --specs=nosys.specs -Wl,-Map="STM32_Driver_Development.map" -Wl,--gc-sections -static --specs=nano.specs -mfloat-abi=soft -mthumb -Wl,--start-group -lc -lm -Wl,--end-group
Finished building target: STM32_Driver_Development.elf
 
arm-none-eabi-size  STM32_Driver_Development.elf 
arm-none-eabi-objdump -h -S STM32_Driver_Development.elf  > "STM32_Driver_Development.list"
   text	   data	    bss	    dec	    hex	filename
   5340	    116	   1908	   7364	   1cc4	STM32_Driver_Development.elf
Finished building: default.size.stdout
 
Finished building: STM32_Driver_Development.list
 
18:55:57 **** Incremental Build of configuration Debug for project STM32_Driver_Development ****
make -j8 all 
arm-none-eabi-size  STM32_Driver_Development.elf 
   text	   data	    bss	    dec	    hex	filename
   5340	    116	   1908	   7364	   1cc4	STM32_Driver_Development.elf
Finished building: default.size.stdout
 
