17:11:58 **** Clean-only build of configuration Debug for project STM32_DeviceDriver ****
make -j8 clean 
rm -rf ./drivers/Src/stm32f4xx_gpio_driver.cyclo ./drivers/Src/stm32f4xx_gpio_driver.d ./drivers/Src/stm32f4xx_gpio_driver.o ./drivers/Src/stm32f4xx_gpio_driver.su ./drivers/Src/stm32f4xx_i2c_driver.cyclo ./drivers/Src/stm32f4xx_i2c_driver.d ./drivers/Src/stm32f4xx_i2c_driver.o ./drivers/Src/stm32f4xx_i2c_driver.su ./drivers/Src/stm32f4xx_spi_driver.cyclo ./drivers/Src/stm32f4xx_spi_driver.d ./drivers/Src/stm32f4xx_spi_driver.o ./drivers/Src/stm32f4xx_spi_driver.su
rm -rf ./Startup/startup_stm32f401retx.d ./Startup/startup_stm32f401retx.o
rm -rf ./Src/SPI_TxRx_Interrupt.cyclo ./Src/SPI_TxRx_Interrupt.d ./Src/SPI_TxRx_Interrupt.o ./Src/SPI_TxRx_Interrupt.su ./Src/syscalls.cyclo ./Src/syscalls.d ./Src/syscalls.o ./Src/syscalls.su ./Src/sysmem.cyclo ./Src/sysmem.d ./Src/sysmem.o ./Src/sysmem.su
rm -rf STM32_Driver_Development.elf STM32_Driver_Development.list STM32_Driver_Development.map default.size.stdout
 
17:11:59 **** Build of configuration Debug for project STM32_DeviceDriver ****
make -j8 all 
arm-none-eabi-gcc "../drivers/Src/stm32f4xx_gpio_driver.c" -mcpu=cortex-m4 -std=gnu11 -g3 -DDEBUG -DNUCLEO_F401RE -DSTM32 -DSTM32F401RETx -DSTM32F4 -c -I"C:/Work/STM32_Driver_workspace/STM32_DeviceDriver/drivers/Inc" -O0 -ffunction-sections -fdata-sections -Wall -fstack-usage -fcyclomatic-complexity -MMD -MP -MF"drivers/Src/stm32f4xx_gpio_driver.d" -MT"drivers/Src/stm32f4xx_gpio_driver.o" --specs=nano.specs -mfloat-abi=soft -mthumb -o "drivers/Src/stm32f4xx_gpio_driver.o"
arm-none-eabi-gcc "../drivers/Src/stm32f4xx_i2c_driver.c" -mcpu=cortex-m4 -std=gnu11 -g3 -DDEBUG -DNUCLEO_F401RE -DSTM32 -DSTM32F401RETx -DSTM32F4 -c -I"C:/Work/STM32_Driver_workspace/STM32_DeviceDriver/drivers/Inc" -O0 -ffunction-sections -fdata-sections -Wall -fstack-usage -fcyclomatic-complexity -MMD -MP -MF"drivers/Src/stm32f4xx_i2c_driver.d" -MT"drivers/Src/stm32f4xx_i2c_driver.o" --specs=nano.specs -mfloat-abi=soft -mthumb -o "drivers/Src/stm32f4xx_i2c_driver.o"
arm-none-eabi-gcc "../drivers/Src/stm32f4xx_spi_driver.c" -mcpu=cortex-m4 -std=gnu11 -g3 -DDEBUG -DNUCLEO_F401RE -DSTM32 -DSTM32F401RETx -DSTM32F4 -c -I"C:/Work/STM32_Driver_workspace/STM32_DeviceDriver/drivers/Inc" -O0 -ffunction-sections -fdata-sections -Wall -fstack-usage -fcyclomatic-complexity -MMD -MP -MF"drivers/Src/stm32f4xx_spi_driver.d" -MT"drivers/Src/stm32f4xx_spi_driver.o" --specs=nano.specs -mfloat-abi=soft -mthumb -o "drivers/Src/stm32f4xx_spi_driver.o"
arm-none-eabi-gcc -mcpu=cortex-m4 -g3 -DDEBUG -c -x assembler-with-cpp -MMD -MP -MF"Startup/startup_stm32f401retx.d" -MT"Startup/startup_stm32f401retx.o" --specs=nano.specs -mfloat-abi=soft -mthumb -o "Startup/startup_stm32f401retx.o" "../Startup/startup_stm32f401retx.s"
arm-none-eabi-gcc "../Src/SPI_TxRx_Interrupt.c" -mcpu=cortex-m4 -std=gnu11 -g3 -DDEBUG -DNUCLEO_F401RE -DSTM32 -DSTM32F401RETx -DSTM32F4 -c -I"C:/Work/STM32_Driver_workspace/STM32_DeviceDriver/drivers/Inc" -O0 -ffunction-sections -fdata-sections -Wall -fstack-usage -fcyclomatic-complexity -MMD -MP -MF"Src/SPI_TxRx_Interrupt.d" -MT"Src/SPI_TxRx_Interrupt.o" --specs=nano.specs -mfloat-abi=soft -mthumb -o "Src/SPI_TxRx_Interrupt.o"
arm-none-eabi-gcc "../Src/syscalls.c" -mcpu=cortex-m4 -std=gnu11 -g3 -DDEBUG -DNUCLEO_F401RE -DSTM32 -DSTM32F401RETx -DSTM32F4 -c -I"C:/Work/STM32_Driver_workspace/STM32_DeviceDriver/drivers/Inc" -O0 -ffunction-sections -fdata-sections -Wall -fstack-usage -fcyclomatic-complexity -MMD -MP -MF"Src/syscalls.d" -MT"Src/syscalls.o" --specs=nano.specs -mfloat-abi=soft -mthumb -o "Src/syscalls.o"
arm-none-eabi-gcc "../Src/sysmem.c" -mcpu=cortex-m4 -std=gnu11 -g3 -DDEBUG -DNUCLEO_F401RE -DSTM32 -DSTM32F401RETx -DSTM32F4 -c -I"C:/Work/STM32_Driver_workspace/STM32_DeviceDriver/drivers/Inc" -O0 -ffunction-sections -fdata-sections -Wall -fstack-usage -fcyclomatic-complexity -MMD -MP -MF"Src/sysmem.d" -MT"Src/sysmem.o" --specs=nano.specs -mfloat-abi=soft -mthumb -o "Src/sysmem.o"
arm-none-eabi-gcc -o "STM32_DeviceDriver.elf" @"objects.list"   -mcpu=cortex-m4 -T"C:\Work\STM32_Driver_workspace\STM32_DeviceDriver\STM32F401RETX_FLASH.ld" --specs=nosys.specs -Wl,-Map="STM32_DeviceDriver.map" -Wl,--gc-sections -nostartfiles -nostdlib -static --specs=nano.specs -mfloat-abi=soft -mthumb -Wl,--start-group -lc -lm -Wl,--end-group
Finished building target: STM32_DeviceDriver.elf
 
arm-none-eabi-size  STM32_DeviceDriver.elf 
arm-none-eabi-objdump -h -S STM32_DeviceDriver.elf  > "STM32_DeviceDriver.list"
   text	   data	    bss	    dec	    hex	filename
   3028	      0	   1592	   4620	   120c	STM32_DeviceDriver.elf
Finished building: default.size.stdout
 
Finished building: STM32_DeviceDriver.list
 
17:12:23 **** Incremental Build of configuration Debug for project STM32_DeviceDriver ****
make -j8 all 
arm-none-eabi-size  STM32_DeviceDriver.elf 
   text	   data	    bss	    dec	    hex	filename
   3028	      0	   1592	   4620	   120c	STM32_DeviceDriver.elf
Finished building: default.size.stdout
 
17:12:38 **** Incremental Build of configuration Debug for project STM32_DeviceDriver ****
make -j8 all 
arm-none-eabi-size  STM32_DeviceDriver.elf 
   text	   data	    bss	    dec	    hex	filename
   3028	      0	   1592	   4620	   120c	STM32_DeviceDriver.elf
Finished building: default.size.stdout
 
17:13:06 **** Incremental Build of configuration Debug for project STM32_DeviceDriver ****
make -j8 all 
arm-none-eabi-size  STM32_DeviceDriver.elf 
   text	   data	    bss	    dec	    hex	filename
   3028	      0	   1592	   4620	   120c	STM32_DeviceDriver.elf
Finished building: default.size.stdout
 
17:13:31 **** Incremental Build of configuration Debug for project STM32_DeviceDriver ****
make -j8 all 
arm-none-eabi-size  STM32_DeviceDriver.elf 
   text	   data	    bss	    dec	    hex	filename
   3028	      0	   1592	   4620	   120c	STM32_DeviceDriver.elf
Finished building: default.size.stdout
 
17:14:17 **** Incremental Build of configuration Debug for project STM32_DeviceDriver ****
make -j8 all 
arm-none-eabi-size  STM32_DeviceDriver.elf 
   text	   data	    bss	    dec	    hex	filename
   3028	      0	   1592	   4620	   120c	STM32_DeviceDriver.elf
Finished building: default.size.stdout
 
17:14:42 **** Incremental Build of configuration Debug for project STM32_DeviceDriver ****
make -j8 all 
arm-none-eabi-size  STM32_DeviceDriver.elf 
   text	   data	    bss	    dec	    hex	filename
   3028	      0	   1592	   4620	   120c	STM32_DeviceDriver.elf
Finished building: default.size.stdout
 
