18:42:35 **** Incremental Build of configuration Debug for project Task_GPIO_Driver ****
make -j8 all 
arm-none-eabi-gcc "../drivers/Src/stm32f4xx_gpio_driver.c" -mcpu=cortex-m4 -std=gnu11 -g3 -DDEBUG -DNUCLEO_F401RE -DSTM32 -DSTM32F401RETx -DSTM32F4 -c -I"C:/Work/STM32_Driver_workspace/Task_GPIO_Driver/drivers/Inc" -O0 -ffunction-sections -fdata-sections -Wall -fstack-usage -fcyclomatic-complexity -MMD -MP -MF"drivers/Src/stm32f4xx_gpio_driver.d" -MT"drivers/Src/stm32f4xx_gpio_driver.o" --specs=nano.specs -mfloat-abi=soft -mthumb -o "drivers/Src/stm32f4xx_gpio_driver.o"
arm-none-eabi-gcc "../drivers/Src/stm32f4xx_i2c_driver.c" -mcpu=cortex-m4 -std=gnu11 -g3 -DDEBUG -DNUCLEO_F401RE -DSTM32 -DSTM32F401RETx -DSTM32F4 -c -I"C:/Work/STM32_Driver_workspace/Task_GPIO_Driver/drivers/Inc" -O0 -ffunction-sections -fdata-sections -Wall -fstack-usage -fcyclomatic-complexity -MMD -MP -MF"drivers/Src/stm32f4xx_i2c_driver.d" -MT"drivers/Src/stm32f4xx_i2c_driver.o" --specs=nano.specs -mfloat-abi=soft -mthumb -o "drivers/Src/stm32f4xx_i2c_driver.o"
arm-none-eabi-gcc "../drivers/Src/stm32f4xx_spi_driver.c" -mcpu=cortex-m4 -std=gnu11 -g3 -DDEBUG -DNUCLEO_F401RE -DSTM32 -DSTM32F401RETx -DSTM32F4 -c -I"C:/Work/STM32_Driver_workspace/Task_GPIO_Driver/drivers/Inc" -O0 -ffunction-sections -fdata-sections -Wall -fstack-usage -fcyclomatic-complexity -MMD -MP -MF"drivers/Src/stm32f4xx_spi_driver.d" -MT"drivers/Src/stm32f4xx_spi_driver.o" --specs=nano.specs -mfloat-abi=soft -mthumb -o "drivers/Src/stm32f4xx_spi_driver.o"
arm-none-eabi-gcc -mcpu=cortex-m4 -g3 -DDEBUG -c -x assembler-with-cpp -MMD -MP -MF"Startup/startup_stm32f401retx.d" -MT"Startup/startup_stm32f401retx.o" --specs=nano.specs -mfloat-abi=soft -mthumb -o "Startup/startup_stm32f401retx.o" "../Startup/startup_stm32f401retx.s"
arm-none-eabi-gcc "../Src/main.c" -mcpu=cortex-m4 -std=gnu11 -g3 -DDEBUG -DNUCLEO_F401RE -DSTM32 -DSTM32F401RETx -DSTM32F4 -c -I"C:/Work/STM32_Driver_workspace/Task_GPIO_Driver/drivers/Inc" -O0 -ffunction-sections -fdata-sections -Wall -fstack-usage -fcyclomatic-complexity -MMD -MP -MF"Src/main.d" -MT"Src/main.o" --specs=nano.specs -mfloat-abi=soft -mthumb -o "Src/main.o"
arm-none-eabi-gcc "../Src/syscalls.c" -mcpu=cortex-m4 -std=gnu11 -g3 -DDEBUG -DNUCLEO_F401RE -DSTM32 -DSTM32F401RETx -DSTM32F4 -c -I"C:/Work/STM32_Driver_workspace/Task_GPIO_Driver/drivers/Inc" -O0 -ffunction-sections -fdata-sections -Wall -fstack-usage -fcyclomatic-complexity -MMD -MP -MF"Src/syscalls.d" -MT"Src/syscalls.o" --specs=nano.specs -mfloat-abi=soft -mthumb -o "Src/syscalls.o"
arm-none-eabi-gcc "../Src/sysmem.c" -mcpu=cortex-m4 -std=gnu11 -g3 -DDEBUG -DNUCLEO_F401RE -DSTM32 -DSTM32F401RETx -DSTM32F4 -c -I"C:/Work/STM32_Driver_workspace/Task_GPIO_Driver/drivers/Inc" -O0 -ffunction-sections -fdata-sections -Wall -fstack-usage -fcyclomatic-complexity -MMD -MP -MF"Src/sysmem.d" -MT"Src/sysmem.o" --specs=nano.specs -mfloat-abi=soft -mthumb -o "Src/sysmem.o"
arm-none-eabi-gcc -o "Task_GPIO_Driver.elf" @"objects.list"   -mcpu=cortex-m4 -T"C:\Work\STM32_Driver_workspace\Task_GPIO_Driver\STM32F401RETX_FLASH.ld" --specs=nosys.specs -Wl,-Map="Task_GPIO_Driver.map" -Wl,--gc-sections -static --specs=nano.specs -mfloat-abi=soft -mthumb -Wl,--start-group -lc -lm -Wl,--end-group
Finished building target: Task_GPIO_Driver.elf
 
arm-none-eabi-size  Task_GPIO_Driver.elf 
arm-none-eabi-objdump -h -S Task_GPIO_Driver.elf  > "Task_GPIO_Driver.list"
   text	   data	    bss	    dec	    hex	filename
   5244	     92	   1908	   7244	   1c4c	Task_GPIO_Driver.elf
Finished building: default.size.stdout
 
Finished building: Task_GPIO_Driver.list
 

18:42:36 Build Finished. 0 errors, 0 warnings. (took 1s.446ms)

